// Jest Snapshot v1, https://goo.gl/fbAQLP

exports[`snapshot test 1`] = `
<DocumentFragment>
  <a
    class="Company-link"
    href="/companies/undefined"
  >
    <div
      class="MuiPaper-root Company MuiPaper-elevation3 MuiPaper-rounded"
    >
      <div
        class="Company-header"
      >
        <p
          class="MuiTypography-root Company-name MuiTypography-body1"
        />
      </div>
      <p
        class="MuiTypography-root Company-description MuiTypography-body2"
      />
    </div>
  </a>
</DocumentFragment>
`;
