// Jest Snapshot v1, https://goo.gl/fbAQLP

exports[`snapshot test 1`] = `
<DocumentFragment>
  <div
    class="App"
  >
    <div
      class="NavBar"
    >
      <header
        class="MuiPaper-root MuiAppBar-root MuiAppBar-positionStatic MuiAppBar-colorPrimary MuiPaper-elevation4"
      >
        <div
          class="MuiToolbar-root MuiToolbar-regular MuiToolbar-gutters"
        >
          <button
            aria-label="menu"
            class="MuiButtonBase-root MuiIconButton-root makeStyles-menuButton-5 MuiIconButton-colorInherit MuiIconButton-edgeStart"
            tabindex="0"
            type="button"
          >
            <span
              class="MuiIconButton-label"
            >
              <a
                class="makeStyles-title-6"
                href="/"
                variant="h6"
              >
                Jobly
              </a>
            </span>
            <span
              class="MuiTouchRipple-root"
            />
          </button>
          <div
            class="NavBar-routes"
          >
            <a
              href="/login"
            >
              Login
            </a>
            <a
              href="/signup"
            >
              Sign up
            </a>
          </div>
        </div>
      </header>
    </div>
    <div
      class="Home"
    >
      <h3
        class="MuiTypography-root MuiTypography-h3"
      >
        Jobly
      </h3>
      <h5
        class="MuiTypography-root MuiTypography-h5"
      >
        All the jobs in one, convenient place.
      </h5>
      <a
        class="Home-btn"
        href="/login"
      >
        Log in
      </a>
      <a
        class="Home-btn"
        href="/signup"
      >
        Sign up
      </a>
    </div>
  </div>
</DocumentFragment>
`;
